SQL> SELECT *
  2  FROM EMP
  3  WHERE JOB='SALESMAN'NOT COMM>=0 AND SAL BETWEEN 3000 AND 5000;
WHERE JOB='SALESMAN'NOT COMM>=0 AND SAL BETWEEN 3000 AND 5000
                    *
ERROR at line 3:
ORA-00933: SQL command not properly ended 


SQL> SELECT *
  2  FROM EMP
  3  WHERE (COMM IS NOT NULL OR COMM=0) AND SALARY BETWEEN 3000 AND 5000;
WHERE (COMM IS NOT NULL OR COMM=0) AND SALARY BETWEEN 3000 AND 5000
                                       *
ERROR at line 3:
ORA-00904: "SALARY": invalid identifier 


SQL> SELECT *
  2  FROM EMP
  3  WHERE (COMM IS NOT NULL OR COMM=0) AND SAL BETWEEN 3000 AND 5000;

no rows selected

SQL> SELECT *
  2  FROM EMP;

     EMPNO ENAME      JOB              MGR HIREDATE         SAL       COMM      
---------- ---------- --------- ---------- --------- ---------- ----------      
    DEPTNO                                                                      
----------                                                                      
      7369 SMITH      CLERK           7902 17-DEC-80        800                 
        20                                                                      
                                                                                
      7499 ALLEN      SALESMAN        7698 20-FEB-81       1600        300      
        30                                                                      
                                                                                
      7521 WARD       SALESMAN        7698 22-FEB-81       1250        500      
        30                                                                      
                                                                                

     EMPNO ENAME      JOB              MGR HIREDATE         SAL       COMM      
---------- ---------- --------- ---------- --------- ---------- ----------      
    DEPTNO                                                                      
----------                                                                      
      7566 JONES      MANAGER         7839 02-APR-81       2975                 
        20                                                                      
                                                                                
      7654 MARTIN     SALESMAN        7698 28-SEP-81       1250       1400      
        30                                                                      
                                                                                
      7698 BLAKE      MANAGER         7839 01-MAY-81       2850                 
        30                                                                      
                                                                                

     EMPNO ENAME      JOB              MGR HIREDATE         SAL       COMM      
---------- ---------- --------- ---------- --------- ---------- ----------      
    DEPTNO                                                                      
----------                                                                      
      7782 CLARK      MANAGER         7839 09-JUN-81       2450                 
        10                                                                      
                                                                                
      7788 SCOTT      ANALYST         7566 19-APR-87       3000                 
        20                                                                      
                                                                                
      7839 KING       PRESIDENT            17-NOV-81       5000                 
        10                                                                      
                                                                                

     EMPNO ENAME      JOB              MGR HIREDATE         SAL       COMM      
---------- ---------- --------- ---------- --------- ---------- ----------      
    DEPTNO                                                                      
----------                                                                      
      7844 TURNER     SALESMAN        7698 08-SEP-81       1500          0      
        30                                                                      
                                                                                
      7876 ADAMS      CLERK           7788 23-MAY-87       1100                 
        20                                                                      
                                                                                
      7900 JAMES      CLERK           7698 03-DEC-81        950                 
        30                                                                      
                                                                                

     EMPNO ENAME      JOB              MGR HIREDATE         SAL       COMM      
---------- ---------- --------- ---------- --------- ---------- ----------      
    DEPTNO                                                                      
----------                                                                      
      7902 FORD       ANALYST         7566 03-DEC-81       3000                 
        20                                                                      
                                                                                
      7934 MILLER     CLERK           7782 23-JAN-82       1300                 
        10                                                                      
                                                                                

14 rows selected.

SQL> SET PAGESIZE 200 LINESIZE 200
SQL> SELECT*
  2  FROM EMP;

     EMPNO ENAME      JOB              MGR HIREDATE         SAL       COMM     DEPTNO                                                                                                                   
---------- ---------- --------- ---------- --------- ---------- ---------- ----------                                                                                                                   
      7369 SMITH      CLERK           7902 17-DEC-80        800                    20                                                                                                                   
      7499 ALLEN      SALESMAN        7698 20-FEB-81       1600        300         30                                                                                                                   
      7521 WARD       SALESMAN        7698 22-FEB-81       1250        500         30                                                                                                                   
      7566 JONES      MANAGER         7839 02-APR-81       2975                    20                                                                                                                   
      7654 MARTIN     SALESMAN        7698 28-SEP-81       1250       1400         30                                                                                                                   
      7698 BLAKE      MANAGER         7839 01-MAY-81       2850                    30                                                                                                                   
      7782 CLARK      MANAGER         7839 09-JUN-81       2450                    10                                                                                                                   
      7788 SCOTT      ANALYST         7566 19-APR-87       3000                    20                                                                                                                   
      7839 KING       PRESIDENT            17-NOV-81       5000                    10                                                                                                                   
      7844 TURNER     SALESMAN        7698 08-SEP-81       1500          0         30                                                                                                                   
      7876 ADAMS      CLERK           7788 23-MAY-87       1100                    20                                                                                                                   
      7900 JAMES      CLERK           7698 03-DEC-81        950                    30                                                                                                                   
      7902 FORD       ANALYST         7566 03-DEC-81       3000                    20                                                                                                                   
      7934 MILLER     CLERK           7782 23-JAN-82       1300                    10                                                                                                                   

14 rows selected.

SQL> SELECT *
  2  FROM EMP
  3  WHERE (COMM IS NOT NULL AND COMM=0) AND (SAL BETWEEN 1000 AND 2000);

     EMPNO ENAME      JOB              MGR HIREDATE         SAL       COMM     DEPTNO                                                                                                                   
---------- ---------- --------- ---------- --------- ---------- ---------- ----------                                                                                                                   
      7844 TURNER     SALESMAN        7698 08-SEP-81       1500          0         30                                                                                                                   

SQL> SELECT *
  2  FROM EMP
  3  WHERE (COMM IS NOT NULL OR COMM=0) AND (SAL BETWEEN 1000 AND 2000);

     EMPNO ENAME      JOB              MGR HIREDATE         SAL       COMM     DEPTNO                                                                                                                   
---------- ---------- --------- ---------- --------- ---------- ---------- ----------                                                                                                                   
      7499 ALLEN      SALESMAN        7698 20-FEB-81       1600        300         30                                                                                                                   
      7521 WARD       SALESMAN        7698 22-FEB-81       1250        500         30                                                                                                                   
      7654 MARTIN     SALESMAN        7698 28-SEP-81       1250       1400         30                                                                                                                   
      7844 TURNER     SALESMAN        7698 08-SEP-81       1500          0         30                                                                                                                   

SQL> SELECT EMPNO,ENAME,JOB
  2  FROM EMP
  3  WHERE HIREDATE BETWEEN 82 AND 87;
WHERE HIREDATE BETWEEN 82 AND 87
               *
ERROR at line 3:
ORA-00932: inconsistent datatypes: expected DATE got NUMBER 


SQL> SELECT EMPNO,ENAME ,JOB
  2  FROM EMP
  3  WHERE HIREDATE ('YY'>82 AND 'YY'<87);
WHERE HIREDATE ('YY'>82 AND 'YY'<87)
                    *
ERROR at line 3:
ORA-00907: missing right parenthesis 


SQL> SELECT EMPNO,ENAME ,JOB
  2  FROM EMP
  3  WHERE HIREDATE BETWEEN('YY'>82 AND 'YY'<87);
WHERE HIREDATE BETWEEN('YY'>82 AND 'YY'<87)
                           *
ERROR at line 3:
ORA-00907: missing right parenthesis 


SQL> SELECT EMPNO,ENAME ,JOB
  2  FROM EMP
  3  WHERE HIREDATE
  4  ('YY'>82 AND 'YY'<87);
('YY'>82 AND 'YY'<87)
     *
ERROR at line 4:
ORA-00907: missing right parenthesis 


SQL> SELECT EMPNO,ENAME ,JOB
  2  FROM EMP
  3  WHERE HIREDATE BETWEEN '01-JAN-82' AND '31-DEC-87';

     EMPNO ENAME      JOB                                                                                                                                                                               
---------- ---------- ---------                                                                                                                                                                         
      7788 SCOTT      ANALYST                                                                                                                                                                           
      7876 ADAMS      CLERK                                                                                                                                                                             
      7934 MILLER     CLERK                                                                                                                                                                             

SQL> SELECT *
  2  FROM EMP
  3  WHERE COMM IS NULL;

     EMPNO ENAME      JOB              MGR HIREDATE         SAL       COMM     DEPTNO                                                                                                                   
---------- ---------- --------- ---------- --------- ---------- ---------- ----------                                                                                                                   
      7369 SMITH      CLERK           7902 17-DEC-80        800                    20                                                                                                                   
      7566 JONES      MANAGER         7839 02-APR-81       2975                    20                                                                                                                   
      7698 BLAKE      MANAGER         7839 01-MAY-81       2850                    30                                                                                                                   
      7782 CLARK      MANAGER         7839 09-JUN-81       2450                    10                                                                                                                   
      7788 SCOTT      ANALYST         7566 19-APR-87       3000                    20                                                                                                                   
      7839 KING       PRESIDENT            17-NOV-81       5000                    10                                                                                                                   
      7876 ADAMS      CLERK           7788 23-MAY-87       1100                    20                                                                                                                   
      7900 JAMES      CLERK           7698 03-DEC-81        950                    30                                                                                                                   
      7902 FORD       ANALYST         7566 03-DEC-81       3000                    20                                                                                                                   
      7934 MILLER     CLERK           7782 23-JAN-82       1300                    10                                                                                                                   

10 rows selected.

SQL> SELECT *
  2  FROM EMP
  3  WHERE JOB<>MANAGER;
WHERE JOB<>MANAGER
           *
ERROR at line 3:
ORA-00904: "MANAGER": invalid identifier 


SQL> SELECT *
  2  FROM EMP
  3  WHERE JOB<>MGR;
WHERE JOB<>MGR
      *
ERROR at line 3:
ORA-01722: invalid number 


SQL> SELECT * FROM EMP
  2  WHERE MGR IS NULL;

     EMPNO ENAME      JOB              MGR HIREDATE         SAL       COMM     DEPTNO                                                                                                                   
---------- ---------- --------- ---------- --------- ---------- ---------- ----------                                                                                                                   
      7839 KING       PRESIDENT            17-NOV-81       5000                    10                                                                                                                   

SQL> SELECT *
  2  FROM DEPT
  3  WHERE DEPTNO=30;

    DEPTNO DNAME          LOC                                                                                                                                                                           
---------- -------------- -------------                                                                                                                                                                 
        30 SALES          CHICAGO                                                                                                                                                                       

SQL> SELECT *
  2  FROM DEPT
  3  WHERE JOB='SALESMAN'OR DEPTNO=30;
WHERE JOB='SALESMAN'OR DEPTNO=30
      *
ERROR at line 3:
ORA-00904: "JOB": invalid identifier 


SQL> SELECT *
  2  FROM DEPT
  3  WHERE JOB IN SALESMAN AND DEPTNO=30;
WHERE JOB IN SALESMAN AND DEPTNO=30
             *
ERROR at line 3:
ORA-00904: "SALESMAN": invalid identifier 


SQL> SELECT *
  2  FROM DEPT
  3  WHERE JOB IN 'SALESMAN' AND DEPTNO=30;
WHERE JOB IN 'SALESMAN' AND DEPTNO=30
      *
ERROR at line 3:
ORA-00904: "JOB": invalid identifier 


SQL> SELECT *
  2  FROM DEPT
  3  WHERE JOB='SALESMAN' OR DEPTNO=30;
WHERE JOB='SALESMAN' OR DEPTNO=30
      *
ERROR at line 3:
ORA-00904: "JOB": invalid identifier 


SQL> SELECT *
  2  FROM EMP
  3  WHERE JOB='SALESMAN' OR DEPTNO=30;

     EMPNO ENAME      JOB              MGR HIREDATE         SAL       COMM     DEPTNO                                                                                                                   
---------- ---------- --------- ---------- --------- ---------- ---------- ----------                                                                                                                   
      7499 ALLEN      SALESMAN        7698 20-FEB-81       1600        300         30                                                                                                                   
      7521 WARD       SALESMAN        7698 22-FEB-81       1250        500         30                                                                                                                   
      7654 MARTIN     SALESMAN        7698 28-SEP-81       1250       1400         30                                                                                                                   
      7698 BLAKE      MANAGER         7839 01-MAY-81       2850                    30                                                                                                                   
      7844 TURNER     SALESMAN        7698 08-SEP-81       1500          0         30                                                                                                                   
      7900 JAMES      CLERK           7698 03-DEC-81        950                    30                                                                                                                   

6 rows selected.

SQL> SELECT *
  2  FROM EMP
  3  WHERE JOB='SALESMAN' OR DEPTNO=30 AND SAL>1500;

     EMPNO ENAME      JOB              MGR HIREDATE         SAL       COMM     DEPTNO                                                                                                                   
---------- ---------- --------- ---------- --------- ---------- ---------- ----------                                                                                                                   
      7499 ALLEN      SALESMAN        7698 20-FEB-81       1600        300         30                                                                                                                   
      7521 WARD       SALESMAN        7698 22-FEB-81       1250        500         30                                                                                                                   
      7654 MARTIN     SALESMAN        7698 28-SEP-81       1250       1400         30                                                                                                                   
      7698 BLAKE      MANAGER         7839 01-MAY-81       2850                    30                                                                                                                   
      7844 TURNER     SALESMAN        7698 08-SEP-81       1500          0         30                                                                                                                   

SQL> SELECT*
  2  FROM EMP
  3  WHERE ENAME LIKE S% OR ENAME LIKE A%;
WHERE ENAME LIKE S% OR ENAME LIKE A%
                  *
ERROR at line 3:
ORA-00911: invalid character 


SQL> SELECT*
  2  FROM EMP
  3  WHERE IN ENAME LIKE 'S%','A%';
WHERE IN ENAME LIKE 'S%','A%'
      *
ERROR at line 3:
ORA-00936: missing expression 


SQL> SELECT*
  2  FROM EMP
  3  WHERE ENAME LIKE 'S%'OR ENAME LIKE'A%';

     EMPNO ENAME      JOB              MGR HIREDATE         SAL       COMM     DEPTNO                                                                                                                   
---------- ---------- --------- ---------- --------- ---------- ---------- ----------                                                                                                                   
      7369 SMITH      CLERK           7902 17-DEC-80        800                    20                                                                                                                   
      7499 ALLEN      SALESMAN        7698 20-FEB-81       1600        300         30                                                                                                                   
      7788 SCOTT      ANALYST         7566 19-APR-87       3000                    20                                                                                                                   
      7876 ADAMS      CLERK           7788 23-MAY-87       1100                    20                                                                                                                   

SQL> SELECT *
  2  FROM EMP
  3  WHERE ENAME NOT LIKE'R%';

     EMPNO ENAME      JOB              MGR HIREDATE         SAL       COMM     DEPTNO                                                                                                                   
---------- ---------- --------- ---------- --------- ---------- ---------- ----------                                                                                                                   
      7369 SMITH      CLERK           7902 17-DEC-80        800                    20                                                                                                                   
      7499 ALLEN      SALESMAN        7698 20-FEB-81       1600        300         30                                                                                                                   
      7521 WARD       SALESMAN        7698 22-FEB-81       1250        500         30                                                                                                                   
      7566 JONES      MANAGER         7839 02-APR-81       2975                    20                                                                                                                   
      7654 MARTIN     SALESMAN        7698 28-SEP-81       1250       1400         30                                                                                                                   
      7698 BLAKE      MANAGER         7839 01-MAY-81       2850                    30                                                                                                                   
      7782 CLARK      MANAGER         7839 09-JUN-81       2450                    10                                                                                                                   
      7788 SCOTT      ANALYST         7566 19-APR-87       3000                    20                                                                                                                   
      7839 KING       PRESIDENT            17-NOV-81       5000                    10                                                                                                                   
      7844 TURNER     SALESMAN        7698 08-SEP-81       1500          0         30                                                                                                                   
      7876 ADAMS      CLERK           7788 23-MAY-87       1100                    20                                                                                                                   
      7900 JAMES      CLERK           7698 03-DEC-81        950                    30                                                                                                                   
      7902 FORD       ANALYST         7566 03-DEC-81       3000                    20                                                                                                                   
      7934 MILLER     CLERK           7782 23-JAN-82       1300                    10                                                                                                                   

14 rows selected.

SQL> SELECT *
  2  FROM EMP
  3  WHERE IS NOT NULL AND DEPTNO=30;
WHERE IS NOT NULL AND DEPTNO=30
      *
ERROR at line 3:
ORA-00936: missing expression 


SQL> SELECT *
  2  FROM EMP
  3  WHERE MGR IS NOT NULL OR DEPTNO=30;

     EMPNO ENAME      JOB              MGR HIREDATE         SAL       COMM     DEPTNO                                                                                                                   
---------- ---------- --------- ---------- --------- ---------- ---------- ----------                                                                                                                   
      7369 SMITH      CLERK           7902 17-DEC-80        800                    20                                                                                                                   
      7499 ALLEN      SALESMAN        7698 20-FEB-81       1600        300         30                                                                                                                   
      7521 WARD       SALESMAN        7698 22-FEB-81       1250        500         30                                                                                                                   
      7566 JONES      MANAGER         7839 02-APR-81       2975                    20                                                                                                                   
      7654 MARTIN     SALESMAN        7698 28-SEP-81       1250       1400         30                                                                                                                   
      7698 BLAKE      MANAGER         7839 01-MAY-81       2850                    30                                                                                                                   
      7782 CLARK      MANAGER         7839 09-JUN-81       2450                    10                                                                                                                   
      7788 SCOTT      ANALYST         7566 19-APR-87       3000                    20                                                                                                                   
      7844 TURNER     SALESMAN        7698 08-SEP-81       1500          0         30                                                                                                                   
      7876 ADAMS      CLERK           7788 23-MAY-87       1100                    20                                                                                                                   
      7900 JAMES      CLERK           7698 03-DEC-81        950                    30                                                                                                                   
      7902 FORD       ANALYST         7566 03-DEC-81       3000                    20                                                                                                                   
      7934 MILLER     CLERK           7782 23-JAN-82       1300                    10                                                                                                                   

13 rows selected.

SQL> SELECT *
  2  FROM EMP
  3  WHERE COMM IS NULL AND JOB='CLERK';

     EMPNO ENAME      JOB              MGR HIREDATE         SAL       COMM     DEPTNO                                                                                                                   
---------- ---------- --------- ---------- --------- ---------- ---------- ----------                                                                                                                   
      7369 SMITH      CLERK           7902 17-DEC-80        800                    20                                                                                                                   
      7876 ADAMS      CLERK           7788 23-MAY-87       1100                    20                                                                                                                   
      7900 JAMES      CLERK           7698 03-DEC-81        950                    30                                                                                                                   
      7934 MILLER     CLERK           7782 23-JAN-82       1300                    10                                                                                                                   

SQL> SELECT *
  2  FROM EMP
  3  WHERE MGR IS NULL OR DEPTNO IN(10,30);

     EMPNO ENAME      JOB              MGR HIREDATE         SAL       COMM     DEPTNO                                                                                                                   
---------- ---------- --------- ---------- --------- ---------- ---------- ----------                                                                                                                   
      7499 ALLEN      SALESMAN        7698 20-FEB-81       1600        300         30                                                                                                                   
      7521 WARD       SALESMAN        7698 22-FEB-81       1250        500         30                                                                                                                   
      7654 MARTIN     SALESMAN        7698 28-SEP-81       1250       1400         30                                                                                                                   
      7698 BLAKE      MANAGER         7839 01-MAY-81       2850                    30                                                                                                                   
      7782 CLARK      MANAGER         7839 09-JUN-81       2450                    10                                                                                                                   
      7839 KING       PRESIDENT            17-NOV-81       5000                    10                                                                                                                   
      7844 TURNER     SALESMAN        7698 08-SEP-81       1500          0         30                                                                                                                   
      7900 JAMES      CLERK           7698 03-DEC-81        950                    30                                                                                                                   
      7934 MILLER     CLERK           7782 23-JAN-82       1300                    10                                                                                                                   

9 rows selected.

SQL> SELECT *
  2  FROM EMP
  3  WHERE MGR IS NULL AND DEPTNO IN(10,30);

     EMPNO ENAME      JOB              MGR HIREDATE         SAL       COMM     DEPTNO                                                                                                                   
---------- ---------- --------- ---------- --------- ---------- ---------- ----------                                                                                                                   
      7839 KING       PRESIDENT            17-NOV-81       5000                    10                                                                                                                   

SQL> SELECT *
  2  FROM EMP
  3  WHERE JOB='SALESMAN'AND DEPTNO=30 AND SAL>2000;

no rows selected

SQL> SELECT *
  2  FROM EMP
  3  WHERE JOB='SALESMAN' OR DEPTNO=30 OR SAL>2000;

     EMPNO ENAME      JOB              MGR HIREDATE         SAL       COMM     DEPTNO                                                                                                                   
---------- ---------- --------- ---------- --------- ---------- ---------- ----------                                                                                                                   
      7499 ALLEN      SALESMAN        7698 20-FEB-81       1600        300         30                                                                                                                   
      7521 WARD       SALESMAN        7698 22-FEB-81       1250        500         30                                                                                                                   
      7566 JONES      MANAGER         7839 02-APR-81       2975                    20                                                                                                                   
      7654 MARTIN     SALESMAN        7698 28-SEP-81       1250       1400         30                                                                                                                   
      7698 BLAKE      MANAGER         7839 01-MAY-81       2850                    30                                                                                                                   
      7782 CLARK      MANAGER         7839 09-JUN-81       2450                    10                                                                                                                   
      7788 SCOTT      ANALYST         7566 19-APR-87       3000                    20                                                                                                                   
      7839 KING       PRESIDENT            17-NOV-81       5000                    10                                                                                                                   
      7844 TURNER     SALESMAN        7698 08-SEP-81       1500          0         30                                                                                                                   
      7900 JAMES      CLERK           7698 03-DEC-81        950                    30                                                                                                                   
      7902 FORD       ANALYST         7566 03-DEC-81       3000                    20                                                                                                                   

11 rows selected.

SQL> SELECT *
  2  FROM EMP
  3  WHERE J0B=ANALYST OR DEPTNO=20 AND SAL>2500;
WHERE J0B=ANALYST OR DEPTNO=20 AND SAL>2500
          *
ERROR at line 3:
ORA-00904: "ANALYST": invalid identifier 


SQL> 
SQL> SELECT *
  2  FROM EMP
  3  WHERE J0B=ANALYST OR DEPTNO=20 OR SAL>2500;
WHERE J0B=ANALYST OR DEPTNO=20 OR SAL>2500
          *
ERROR at line 3:
ORA-00904: "ANALYST": invalid identifier 


SQL> SELECT *
  2  FROM EMP
  3  WHERE JOB='ANALYST'OR DEPTNO=20 AND SAL>2500;

     EMPNO ENAME      JOB              MGR HIREDATE         SAL       COMM     DEPTNO                                                                                                                   
---------- ---------- --------- ---------- --------- ---------- ---------- ----------                                                                                                                   
      7566 JONES      MANAGER         7839 02-APR-81       2975                    20                                                                                                                   
      7788 SCOTT      ANALYST         7566 19-APR-87       3000                    20                                                                                                                   
      7902 FORD       ANALYST         7566 03-DEC-81       3000                    20                                                                                                                   

SQL> SELECT *
  2  FROM EMP
  3  WHERE JOB='ANALYST'OR DEPTNO=20
  4  OR SAL>2500;

     EMPNO ENAME      JOB              MGR HIREDATE         SAL       COMM     DEPTNO                                                                                                                   
---------- ---------- --------- ---------- --------- ---------- ---------- ----------                                                                                                                   
      7369 SMITH      CLERK           7902 17-DEC-80        800                    20                                                                                                                   
      7566 JONES      MANAGER         7839 02-APR-81       2975                    20                                                                                                                   
      7698 BLAKE      MANAGER         7839 01-MAY-81       2850                    30                                                                                                                   
      7788 SCOTT      ANALYST         7566 19-APR-87       3000                    20                                                                                                                   
      7839 KING       PRESIDENT            17-NOV-81       5000                    10                                                                                                                   
      7876 ADAMS      CLERK           7788 23-MAY-87       1100                    20                                                                                                                   
      7902 FORD       ANALYST         7566 03-DEC-81       3000                    20                                                                                                                   

7 rows selected.

SQL> SELECT *
  2  FROM EMP
  3  WHERE ENAME LIKE 'M%' OR ENAME LIKE 'J%';

     EMPNO ENAME      JOB              MGR HIREDATE         SAL       COMM     DEPTNO                                                                                                                   
---------- ---------- --------- ---------- --------- ---------- ---------- ----------                                                                                                                   
      7566 JONES      MANAGER         7839 02-APR-81       2975                    20                                                                                                                   
      7654 MARTIN     SALESMAN        7698 28-SEP-81       1250       1400         30                                                                                                                   
      7900 JAMES      CLERK           7698 03-DEC-81        950                    30                                                                                                                   
      7934 MILLER     CLERK           7782 23-JAN-82       1300                    10                                                                                                                   

SQL> SELECT *
  2  FROM EMP
  3  WH
  4  
SQL> SELECT ENAME, SAL*12
  2  FROM EMP
  3  WHERE DEPTNO <>30;

ENAME          SAL*12                                                                                                                                                                                   
---------- ----------                                                                                                                                                                                   
SMITH            9600                                                                                                                                                                                   
JONES           35700                                                                                                                                                                                   
CLARK           29400                                                                                                                                                                                   
SCOTT           36000                                                                                                                                                                                   
KING            60000                                                                                                                                                                                   
ADAMS           13200                                                                                                                                                                                   
FORD            36000                                                                                                                                                                                   
MILLER          15600                                                                                                                                                                                   

8 rows selected.

SQL> SELECT ENAME, SAL*12
  2  FROM EMP
  3  WHERE DEPT NOT IN 30;
WHERE DEPT NOT IN 30
      *
ERROR at line 3:
ORA-00904: "DEPT": invalid identifier 


SQL> SELECT ENAME, SAL*12
  2  FROM EMP
  3  WHERE DEPTNO NOT IN 30;

ENAME          SAL*12                                                                                                                                                                                   
---------- ----------                                                                                                                                                                                   
SMITH            9600                                                                                                                                                                                   
JONES           35700                                                                                                                                                                                   
CLARK           29400                                                                                                                                                                                   
SCOTT           36000                                                                                                                                                                                   
KING            60000                                                                                                                                                                                   
ADAMS           13200                                                                                                                                                                                   
FORD            36000                                                                                                                                                                                   
MILLER          15600                                                                                                                                                                                   

8 rows selected.

SQL> SELECT *
  2  FROM EMP
  3  WHERE ENAME NOT LIKE '%ES' OR ENAME NOT LIKE '%R';

     EMPNO ENAME      JOB              MGR HIREDATE         SAL       COMM     DEPTNO                                                                                                                   
---------- ---------- --------- ---------- --------- ---------- ---------- ----------                                                                                                                   
      7369 SMITH      CLERK           7902 17-DEC-80        800                    20                                                                                                                   
      7499 ALLEN      SALESMAN        7698 20-FEB-81       1600        300         30                                                                                                                   
      7521 WARD       SALESMAN        7698 22-FEB-81       1250        500         30                                                                                                                   
      7566 JONES      MANAGER         7839 02-APR-81       2975                    20                                                                                                                   
      7654 MARTIN     SALESMAN        7698 28-SEP-81       1250       1400         30                                                                                                                   
      7698 BLAKE      MANAGER         7839 01-MAY-81       2850                    30                                                                                                                   
      7782 CLARK      MANAGER         7839 09-JUN-81       2450                    10                                                                                                                   
      7788 SCOTT      ANALYST         7566 19-APR-87       3000                    20                                                                                                                   
      7839 KING       PRESIDENT            17-NOV-81       5000                    10                                                                                                                   
      7844 TURNER     SALESMAN        7698 08-SEP-81       1500          0         30                                                                                                                   
      7876 ADAMS      CLERK           7788 23-MAY-87       1100                    20                                                                                                                   
      7900 JAMES      CLERK           7698 03-DEC-81        950                    30                                                                                                                   
      7902 FORD       ANALYST         7566 03-DEC-81       3000                    20                                                                                                                   
      7934 MILLER     CLERK           7782 23-JAN-82       1300                    10                                                                                                                   

14 rows selected.

SQL>  SELECT *
  2   FROM EMP
  3   WHERE ENAME NOT LIKE '%ES'
  4  AND ENAME NOT LIKE '%R';

     EMPNO ENAME      JOB              MGR HIREDATE         SAL       COMM     DEPTNO                                                                                                                   
---------- ---------- --------- ---------- --------- ---------- ---------- ----------                                                                                                                   
      7369 SMITH      CLERK           7902 17-DEC-80        800                    20                                                                                                                   
      7499 ALLEN      SALESMAN        7698 20-FEB-81       1600        300         30                                                                                                                   
      7521 WARD       SALESMAN        7698 22-FEB-81       1250        500         30                                                                                                                   
      7654 MARTIN     SALESMAN        7698 28-SEP-81       1250       1400         30                                                                                                                   
      7698 BLAKE      MANAGER         7839 01-MAY-81       2850                    30                                                                                                                   
      7782 CLARK      MANAGER         7839 09-JUN-81       2450                    10                                                                                                                   
      7788 SCOTT      ANALYST         7566 19-APR-87       3000                    20                                                                                                                   
      7839 KING       PRESIDENT            17-NOV-81       5000                    10                                                                                                                   
      7876 ADAMS      CLERK           7788 23-MAY-87       1100                    20                                                                                                                   
      7902 FORD       ANALYST         7566 03-DEC-81       3000                    20                                                                                                                   

10 rows selected.

SQL> SELECT *
  2  FROM EMP
  3  WHERE MGR IS NOT NULL OR DEPTNO=30;

     EMPNO ENAME      JOB              MGR HIREDATE         SAL       COMM     DEPTNO                                                                                                                   
---------- ---------- --------- ---------- --------- ---------- ---------- ----------                                                                                                                   
      7369 SMITH      CLERK           7902 17-DEC-80        800                    20                                                                                                                   
      7499 ALLEN      SALESMAN        7698 20-FEB-81       1600        300         30                                                                                                                   
      7521 WARD       SALESMAN        7698 22-FEB-81       1250        500         30                                                                                                                   
      7566 JONES      MANAGER         7839 02-APR-81       2975                    20                                                                                                                   
      7654 MARTIN     SALESMAN        7698 28-SEP-81       1250       1400         30                                                                                                                   
      7698 BLAKE      MANAGER         7839 01-MAY-81       2850                    30                                                                                                                   
      7782 CLARK      MANAGER         7839 09-JUN-81       2450                    10                                                                                                                   
      7788 SCOTT      ANALYST         7566 19-APR-87       3000                    20                                                                                                                   
      7844 TURNER     SALESMAN        7698 08-SEP-81       1500          0         30                                                                                                                   
      7876 ADAMS      CLERK           7788 23-MAY-87       1100                    20                                                                                                                   
      7900 JAMES      CLERK           7698 03-DEC-81        950                    30                                                                                                                   
      7902 FORD       ANALYST         7566 03-DEC-81       3000                    20                                                                                                                   
      7934 MILLER     CLERK           7782 23-JAN-82       1300                    10                                                                                                                   

13 rows selected.

SQL> SELECT ENAME, SAL+SAL*10/100
  2  FROM EMP
  3  ;

ENAME      SAL+SAL*10/100                                                                                                                                                                               
---------- --------------                                                                                                                                                                               
SMITH                 880                                                                                                                                                                               
ALLEN                1760                                                                                                                                                                               
WARD                 1375                                                                                                                                                                               
JONES              3272.5                                                                                                                                                                               
MARTIN               1375                                                                                                                                                                               
BLAKE                3135                                                                                                                                                                               
CLARK                2695                                                                                                                                                                               
SCOTT                3300                                                                                                                                                                               
KING                 5500                                                                                                                                                                               
TURNER               1650                                                                                                                                                                               
ADAMS                1210                                                                                                                                                                               
JAMES                1045                                                                                                                                                                               
FORD                 3300                                                                                                                                                                               
MILLER               1430                                                                                                                                                                               

14 rows selected.

SQL> SELECT ENAME
  2  FROM EMP
  3  WHERE JOB='SALESMAN' OR ENAME LIKE '%E' OR SAL(LENGTH)=4;
WHERE JOB='SALESMAN' OR ENAME LIKE '%E' OR SAL(LENGTH)=4
                                           *
ERROR at line 3:
ORA-00904: "SAL": invalid identifier 


SQL> SELECT ENAME
  2  FROM EMP
  3  WHERE JOB='SALESMAN' OR ENAME LIKE '%E' OR LENGTH(SAL)=4;

ENAME                                                                                                                                                                                                   
----------                                                                                                                                                                                              
ALLEN                                                                                                                                                                                                   
WARD                                                                                                                                                                                                    
JONES                                                                                                                                                                                                   
MARTIN                                                                                                                                                                                                  
BLAKE                                                                                                                                                                                                   
CLARK                                                                                                                                                                                                   
SCOTT                                                                                                                                                                                                   
KING                                                                                                                                                                                                    
TURNER                                                                                                                                                                                                  
ADAMS                                                                                                                                                                                                   
FORD                                                                                                                                                                                                    
MILLER                                                                                                                                                                                                  

12 rows selected.

SQL> SELECT *FROM EMP
  2  WHERE JOB='SALESMAN' OR ENAME LIKE '%E' OR LENGTH(SAL)=4;

     EMPNO ENAME      JOB              MGR HIREDATE         SAL       COMM     DEPTNO                                                                                                                   
---------- ---------- --------- ---------- --------- ---------- ---------- ----------                                                                                                                   
      7499 ALLEN      SALESMAN        7698 20-FEB-81       1600        300         30                                                                                                                   
      7521 WARD       SALESMAN        7698 22-FEB-81       1250        500         30                                                                                                                   
      7566 JONES      MANAGER         7839 02-APR-81       2975                    20                                                                                                                   
      7654 MARTIN     SALESMAN        7698 28-SEP-81       1250       1400         30                                                                                                                   
      7698 BLAKE      MANAGER         7839 01-MAY-81       2850                    30                                                                                                                   
      7782 CLARK      MANAGER         7839 09-JUN-81       2450                    10                                                                                                                   
      7788 SCOTT      ANALYST         7566 19-APR-87       3000                    20                                                                                                                   
      7839 KING       PRESIDENT            17-NOV-81       5000                    10                                                                                                                   
      7844 TURNER     SALESMAN        7698 08-SEP-81       1500          0         30                                                                                                                   
      7876 ADAMS      CLERK           7788 23-MAY-87       1100                    20                                                                                                                   
      7902 FORD       ANALYST         7566 03-DEC-81       3000                    20                                                                                                                   
      7934 MILLER     CLERK           7782 23-JAN-82       1300                    10                                                                                                                   

12 rows selected.

SQL> SELECT *FROM EMP
  2  WHERE JOB='SALESMAN' OR ENAME LIKE '%E' OR LENGTH(SAL)=3;

     EMPNO ENAME      JOB              MGR HIREDATE         SAL       COMM     DEPTNO                                                                                                                   
---------- ---------- --------- ---------- --------- ---------- ---------- ----------                                                                                                                   
      7369 SMITH      CLERK           7902 17-DEC-80        800                    20                                                                                                                   
      7499 ALLEN      SALESMAN        7698 20-FEB-81       1600        300         30                                                                                                                   
      7521 WARD       SALESMAN        7698 22-FEB-81       1250        500         30                                                                                                                   
      7654 MARTIN     SALESMAN        7698 28-SEP-81       1250       1400         30                                                                                                                   
      7698 BLAKE      MANAGER         7839 01-MAY-81       2850                    30                                                                                                                   
      7844 TURNER     SALESMAN        7698 08-SEP-81       1500          0         30                                                                                                                   
      7900 JAMES      CLERK           7698 03-DEC-81        950                    30                                                                                                                   

7 rows selected.

SQL> SELECT *FROM EMP
  2  WHERE JOB='SALESMAN' AND ENAME LIKE '%E'AND LENGTH(SAL)=4;

no rows selected

SQL> SELECT *
  2  FROM EMP
  3  WHERE HIREDATE>'31-DEC-81';

     EMPNO ENAME      JOB              MGR HIREDATE         SAL       COMM     DEPTNO                                                                                                                   
---------- ---------- --------- ---------- --------- ---------- ---------- ----------                                                                                                                   
      7788 SCOTT      ANALYST         7566 19-APR-87       3000                    20                                                                                                                   
      7876 ADAMS      CLERK           7788 23-MAY-87       1100                    20                                                                                                                   
      7934 MILLER     CLERK           7782 23-JAN-82       1300                    10                                                                                                                   

SQL> SELECT *
  2  FROM EMP
  3  WHERE HIREDATE>'1-JAN-81';

     EMPNO ENAME      JOB              MGR HIREDATE         SAL       COMM     DEPTNO                                                                                                                   
---------- ---------- --------- ---------- --------- ---------- ---------- ----------                                                                                                                   
      7499 ALLEN      SALESMAN        7698 20-FEB-81       1600        300         30                                                                                                                   
      7521 WARD       SALESMAN        7698 22-FEB-81       1250        500         30                                                                                                                   
      7566 JONES      MANAGER         7839 02-APR-81       2975                    20                                                                                                                   
      7654 MARTIN     SALESMAN        7698 28-SEP-81       1250       1400         30                                                                                                                   
      7698 BLAKE      MANAGER         7839 01-MAY-81       2850                    30                                                                                                                   
      7782 CLARK      MANAGER         7839 09-JUN-81       2450                    10                                                                                                                   
      7788 SCOTT      ANALYST         7566 19-APR-87       3000                    20                                                                                                                   
      7839 KING       PRESIDENT            17-NOV-81       5000                    10                                                                                                                   
      7844 TURNER     SALESMAN        7698 08-SEP-81       1500          0         30                                                                                                                   
      7876 ADAMS      CLERK           7788 23-MAY-87       1100                    20                                                                                                                   
      7900 JAMES      CLERK           7698 03-DEC-81        950                    30                                                                                                                   
      7902 FORD       ANALYST         7566 03-DEC-81       3000                    20                                                                                                                   
      7934 MILLER     CLERK           7782 23-JAN-82       1300                    10                                                                                                                   

13 rows selected.

SQL> SELECT *
  2  FROM EMP
  3  WHERE HIREDATE<'1-JAN-81';

     EMPNO ENAME      JOB              MGR HIREDATE         SAL       COMM     DEPTNO                                                                                                                   
---------- ---------- --------- ---------- --------- ---------- ---------- ----------                                                                                                                   
      7369 SMITH      CLERK           7902 17-DEC-80        800                    20                                                                                                                   

SQL> SELECT *
  2  FROM EMP
  3  WHERE HIREDATE<'31-DEC-81';

     EMPNO ENAME      JOB              MGR HIREDATE         SAL       COMM     DEPTNO                                                                                                                   
---------- ---------- --------- ---------- --------- ---------- ---------- ----------                                                                                                                   
      7369 SMITH      CLERK           7902 17-DEC-80        800                    20                                                                                                                   
      7499 ALLEN      SALESMAN        7698 20-FEB-81       1600        300         30                                                                                                                   
      7521 WARD       SALESMAN        7698 22-FEB-81       1250        500         30                                                                                                                   
      7566 JONES      MANAGER         7839 02-APR-81       2975                    20                                                                                                                   
      7654 MARTIN     SALESMAN        7698 28-SEP-81       1250       1400         30                                                                                                                   
      7698 BLAKE      MANAGER         7839 01-MAY-81       2850                    30                                                                                                                   
      7782 CLARK      MANAGER         7839 09-JUN-81       2450                    10                                                                                                                   
      7839 KING       PRESIDENT            17-NOV-81       5000                    10                                                                                                                   
      7844 TURNER     SALESMAN        7698 08-SEP-81       1500          0         30                                                                                                                   
      7900 JAMES      CLERK           7698 03-DEC-81        950                    30                                                                                                                   
      7902 FORD       ANALYST         7566 03-DEC-81       3000                    20                                                                                                                   

11 rows selected.

SQL> SELECT *
  2  FROM EMP
  3  WHERE HIREDATE IN '%FEB%';
WHERE HIREDATE IN '%FEB%'
                  *
ERROR at line 3:
ORA-01858: a non-numeric character was found where a numeric was expected 


SQL>  SELECT *
  2   FROM EMP
  3   WHERE HIREDATE LIKE %FEB%;
 WHERE HIREDATE LIKE %FEB%
                     *
ERROR at line 3:
ORA-00911: invalid character 


SQL> SELECT *
  2  FROM EMP
  3  WHERE HIREDATE LIKE '%FEB%';

     EMPNO ENAME      JOB              MGR HIREDATE         SAL       COMM     DEPTNO                                                                                                                   
---------- ---------- --------- ---------- --------- ---------- ---------- ----------                                                                                                                   
      7499 ALLEN      SALESMAN        7698 20-FEB-81       1600        300         30                                                                                                                   
      7521 WARD       SALESMAN        7698 22-FEB-81       1250        500         30                                                                                                                   

SQL> SELECT *
  2  FROM EMP
  3  WHERE HIREDATE='FEB';
WHERE HIREDATE='FEB'
               *
ERROR at line 3:
ORA-01858: a non-numeric character was found where a numeric was expected 


SQL> SELECT *
  2  FROM EMP
  3  WHERE JOB NOT IN ('MANAGER','CLERK') AND DEPTNO IN (20,10) AND SAL BETWEEN 1000 AND 2000;

no rows selected

SQL> SELECT *
  2  FROM EMP
  3  WHERE JOB NOT IN ('MANAGER','CLERK') ORDEPTNO IN (20,10) OR SAL BETWEEN 1000 AND 2000;
WHERE JOB NOT IN ('MANAGER','CLERK') ORDEPTNO IN (20,10) OR SAL BETWEEN 1000 AND 2000
                                     *
ERROR at line 3:
ORA-00933: SQL command not properly ended 


SQL> SELECT *
  2  FROM EMP
  3  WHERE JOB NOT IN ('MANAGER','CLERK') OR DEPTNO IN (20,10) OR SAL BETWEEN 1000 AND 2000;

     EMPNO ENAME      JOB              MGR HIREDATE         SAL       COMM     DEPTNO                                                                                                                   
---------- ---------- --------- ---------- --------- ---------- ---------- ----------                                                                                                                   
      7369 SMITH      CLERK           7902 17-DEC-80        800                    20                                                                                                                   
      7499 ALLEN      SALESMAN        7698 20-FEB-81       1600        300         30                                                                                                                   
      7521 WARD       SALESMAN        7698 22-FEB-81       1250        500         30                                                                                                                   
      7566 JONES      MANAGER         7839 02-APR-81       2975                    20                                                                                                                   
      7654 MARTIN     SALESMAN        7698 28-SEP-81       1250       1400         30                                                                                                                   
      7782 CLARK      MANAGER         7839 09-JUN-81       2450                    10                                                                                                                   
      7788 SCOTT      ANALYST         7566 19-APR-87       3000                    20                                                                                                                   
      7839 KING       PRESIDENT            17-NOV-81       5000                    10                                                                                                                   
      7844 TURNER     SALESMAN        7698 08-SEP-81       1500          0         30                                                                                                                   
      7876 ADAMS      CLERK           7788 23-MAY-87       1100                    20                                                                                                                   
      7902 FORD       ANALYST         7566 03-DEC-81       3000                    20                                                                                                                   
      7934 MILLER     CLERK           7782 23-JAN-82       1300                    10                                                                                                                   

12 rows selected.

SQL> SELECT *
  2  FROM EMP
  3  WHERE IS NOT BETWEEN 1000 AND 2000 OR DEPTNO IN (10,20,30) OR JOB<>'SALESMAN';
WHERE IS NOT BETWEEN 1000 AND 2000 OR DEPTNO IN (10,20,30) OR JOB<>'SALESMAN'
      *
ERROR at line 3:
ORA-00936: missing expression 


SQL> SELECT *
  2  FROM EMP
  3  WHERE SAL IS NOT BETWEEN 1000 AND 2000 OR DEPTNO IN (10,20,30) OR JOB<>'SALESMAN';
WHERE SAL IS NOT BETWEEN 1000 AND 2000 OR DEPTNO IN (10,20,30) OR JOB<>'SALESMAN'
                 *
ERROR at line 3:
ORA-00908: missing NULL keyword 


SQL> IS NOT BETWEEN 1000 AND 2000 OR DEPTNO IN (10,20,30) OR JOB<>'SALESMAN';
SP2-0734: unknown command beginning "IS NOT BET..." - rest of line ignored.
SQL> 
SQL> SELECT *
  2  FROM EMP
  3  WHERE SAL NOT BETWEEN 1000 AND 2000 OR DEPTNO IN (10,20,30) OR JOB<>'SALESMAN';

     EMPNO ENAME      JOB              MGR HIREDATE         SAL       COMM     DEPTNO                                                                                                                   
---------- ---------- --------- ---------- --------- ---------- ---------- ----------                                                                                                                   
      7369 SMITH      CLERK           7902 17-DEC-80        800                    20                                                                                                                   
      7499 ALLEN      SALESMAN        7698 20-FEB-81       1600        300         30                                                                                                                   
      7521 WARD       SALESMAN        7698 22-FEB-81       1250        500         30                                                                                                                   
      7566 JONES      MANAGER         7839 02-APR-81       2975                    20                                                                                                                   
      7654 MARTIN     SALESMAN        7698 28-SEP-81       1250       1400         30                                                                                                                   
      7698 BLAKE      MANAGER         7839 01-MAY-81       2850                    30                                                                                                                   
      7782 CLARK      MANAGER         7839 09-JUN-81       2450                    10                                                                                                                   
      7788 SCOTT      ANALYST         7566 19-APR-87       3000                    20                                                                                                                   
      7839 KING       PRESIDENT            17-NOV-81       5000                    10                                                                                                                   
      7844 TURNER     SALESMAN        7698 08-SEP-81       1500          0         30                                                                                                                   
      7876 ADAMS      CLERK           7788 23-MAY-87       1100                    20                                                                                                                   
      7900 JAMES      CLERK           7698 03-DEC-81        950                    30                                                                                                                   
      7902 FORD       ANALYST         7566 03-DEC-81       3000                    20                                                                                                                   
      7934 MILLER     CLERK           7782 23-JAN-82       1300                    10                                                                                                                   

14 rows selected.

SQL> NOT BETWEEN 1000 AND 2000 OR DEPTNO IN (10,20,30) OR JOB<>'SALESMAN';
SP2-0734: unknown command beginning "NOT BETWEE..." - rest of line ignored.
SQL> 
SQL> 
SQL> 
SQL> 
SQL> SELECT *
  2  FROM EMP
  3  WHERE DNAME LIKE '%O%' AND LOC LIKE '%O%';
WHERE DNAME LIKE '%O%' AND LOC LIKE '%O%'
                           *
ERROR at line 3:
ORA-00904: "LOC": invalid identifier 


SQL> SELECT *
  2  FROM EMP
  3  WHERE LOC LIKE '%O%' OR DNAME LIKE '%O%';
WHERE LOC LIKE '%O%' OR DNAME LIKE '%O%'
                        *
ERROR at line 3:
ORA-00904: "DNAME": invalid identifier 


SQL> SELECT *
  2  FROM DEPT
  3  WHERE LOC LIKE '%O%' OR DNAME LIKE '%O%';

    DEPTNO DNAME          LOC                                                                                                                                                                           
---------- -------------- -------------                                                                                                                                                                 
        10 ACCOUNTING     NEW YORK                                                                                                                                                                      
        30 SALES          CHICAGO                                                                                                                                                                       
        40 OPERATIONS     BOSTON                                                                                                                                                                        

SQL> CWHERE LOC LIKE '%O%' OR DNAME LIKE '%O%';
SP2-0734: unknown command beginning "CWHERE LOC..." - rest of line ignored.
SQL> 
SQL> SELECT *
  2  FROM EMP
  3  WHERE HIREDATE LIKE '%DEC%';

     EMPNO ENAME      JOB              MGR HIREDATE         SAL       COMM     DEPTNO                                                                                                                   
---------- ---------- --------- ---------- --------- ---------- ---------- ----------                                                                                                                   
      7369 SMITH      CLERK           7902 17-DEC-80        800                    20                                                                                                                   
      7900 JAMES      CLERK           7698 03-DEC-81        950                    30                                                                                                                   
      7902 FORD       ANALYST         7566 03-DEC-81       3000                    20                                                                                                                   

SQL> SELECT ENAME, COMM
  2  FROM EMP
  3  WHERE COMM>SAL;

ENAME            COMM                                                                                                                                                                                   
---------- ----------                                                                                                                                                                                   
MARTIN           1400                                                                                                                                                                                   

SQL> SELECT ENAME, SAL
  2  FROM EMP
  3  WHERE SAL*12 LIKE '%0';

ENAME             SAL                                                                                                                                                                                   
---------- ----------                                                                                                                                                                                   
SMITH             800                                                                                                                                                                                   
ALLEN            1600                                                                                                                                                                                   
WARD             1250                                                                                                                                                                                   
JONES            2975                                                                                                                                                                                   
MARTIN           1250                                                                                                                                                                                   
BLAKE            2850                                                                                                                                                                                   
CLARK            2450                                                                                                                                                                                   
SCOTT            3000                                                                                                                                                                                   
KING             5000                                                                                                                                                                                   
TURNER           1500                                                                                                                                                                                   
ADAMS            1100                                                                                                                                                                                   
JAMES             950                                                                                                                                                                                   
FORD             3000                                                                                                                                                                                   
MILLER           1300                                                                                                                                                                                   

14 rows selected.

SQL> SELECT ENAME
  2  FROM EMP
  3  WHERE ENAME LIKE '%L%L%';

ENAME                                                                                                                                                                                                   
----------                                                                                                                                                                                              
ALLEN                                                                                                                                                                                                   
MILLER                                                                                                                                                                                                  

SQL> SELECT ENAME
  2  FROM EMP
  3  WHERE ENAME LIKE IN('A%','E%','I%','O%','U%');
WHERE ENAME LIKE IN('A%','E%','I%','O%','U%')
                 *
ERROR at line 3:
ORA-00936: missing expression 


SQL> SELECT ENAME
  2  FROM EMP
  3  WHERE ENAME IN LIKE ('A%','E%','I%','O%','U%');
WHERE ENAME IN LIKE ('A%','E%','I%','O%','U%')
               *
ERROR at line 3:
ORA-00936: missing expression 


SQL> SELECT ENAME
  2  FROM EMP
  3  WHERE IN ENAME LIKE('A%','E%','I%','O%','U%');
WHERE IN ENAME LIKE('A%','E%','I%','O%','U%')
      *
ERROR at line 3:
ORA-00936: missing expression 


SQL> SELECT ENAME
  2  FROM EMP
  3  WHERE ENAME LIKE (IN ('A%','E%','I%','O%','U%'));
WHERE ENAME LIKE (IN ('A%','E%','I%','O%','U%'))
                  *
ERROR at line 3:
ORA-00936: missing expression 


SQL> SELECT ENAME
  2  FROM EMP
  3  WHERE ENAME IN (LIKE ('A%','E%','I%','O%','U%'));
WHERE ENAME IN (LIKE ('A%','E%','I%','O%','U%'))
                *
ERROR at line 3:
ORA-00936: missing expression 


SQL> UPDATE EMP SET SAL=5000
  2  WHERE ENAME='SCOTT';

1 row updated.

SQL> UPDATE EMP SET JOB='SALESMAM' AND SAL=2000, COMM=1400
  2  WHERE ENAME ='ALLEN';
UPDATE EMP SET JOB='SALESMAM' AND SAL=2000, COMM=1400
                              *
ERROR at line 1:
ORA-00933: SQL command not properly ended 


SQL> UPDATE EMP SET JOB='SALESMAM',SAL=2000, COMM=1400WHERE ENAME ='ALLEN';

1 row updated.

SQL> DELETE FROM DOCTOR
  2  WHERE SPECIALIZATION='X';

0 rows deleted.

SQL> SELECT*
  2  FROM EMP
  3  WHERE LENGTH(ENAME)=4;

     EMPNO ENAME      JOB              MGR HIREDATE         SAL       COMM     DEPTNO                                                                                                                   
---------- ---------- --------- ---------- --------- ---------- ---------- ----------                                                                                                                   
      7521 WARD       SALESMAN        7698 22-FEB-81       1250        500         30                                                                                                                   
      7839 KING       PRESIDENT            17-NOV-81       5000                    10                                                                                                                   
      7902 FORD       ANALYST         7566 03-DEC-81       3000                    20                                                                                                                   

SQL> SELECT *
  2  FROM EMP
  3  WHERE LENGTH(JOB)=7;

     EMPNO ENAME      JOB              MGR HIREDATE         SAL       COMM     DEPTNO                                                                                                                   
---------- ---------- --------- ---------- --------- ---------- ---------- ----------                                                                                                                   
      7566 JONES      MANAGER         7839 02-APR-81       2975                    20                                                                                                                   
      7698 BLAKE      MANAGER         7839 01-MAY-81       2850                    30                                                                                                                   
      7782 CLARK      MANAGER         7839 09-JUN-81       2450                    10                                                                                                                   
      7788 SCOTT      ANALYST         7566 19-APR-87       5000                    20                                                                                                                   
      7902 FORD       ANALYST         7566 03-DEC-81       3000                    20                                                                                                                   

SQL> SELECT *
  2  FROM
  3  
SQL> 
SQL> SELECT DISTINCT JOB
  2  FROM EMP;

JOB                                                                                                                                                                                                     
---------                                                                                                                                                                                               
CLERK                                                                                                                                                                                                   
SALESMAN                                                                                                                                                                                                
PRESIDENT                                                                                                                                                                                               
MANAGER                                                                                                                                                                                                 
ANALYST                                                                                                                                                                                                 
SALESMAM                                                                                                                                                                                                

6 rows selected.

SQL> KKKKKKKKKLLLLLLLLLLLLLLLLLLLLLLLLLLLLLLLLLLLLLLLLLLLLLLLLLLLLLLLLLLLLLLLLLLLLLLLLLLLLLLLLLLLLLLLLLLLLLLLLLLLLLLLLLLLLLLLLLLLLLLLLLLLLLLLLLLLLLLLLLLLLLLLLLLLLLLLLLLLLLLLLLLLLLLLLLLLLLLLLLLLLLLLLLLLLLLLLLLLLLLLLLLLLLLLLLLLLLLLLLLLLLLLLLLLLLLLLLLLLLLLLLLLLLLLLLLLLLLLLLLLLLLLLLLLLLLLLLLLLLLLLLLLLLLLLLLLLLLLLLLLLLLLLLLLLLLLLLLLLLLLLLLLLLLLLLLLLLLLLLLLLLLLLLLLLLLLLLLLLLLLLLLLLLLLLLLLLLLLLLLLLLLLLLLLLLLLLLLLLLLLLLLLLLLLLLLLLLLLLLLJY
SP2-0734: unknown command beginning "KKKKKKKKKL..." - rest of line ignored.
SQL> 
SQL> SELECT
  2  
SQL> 
SQL> 
SQL> 
SQL> 
SQL> 
SQL> 
SQL> 
SQL> 
SQL> 
SQL> 
SQL> 
SQL> 
SQL> CLR SCR
SP2-0042: unknown command "CLR SCR" - rest of line ignored.
SQL> CLEAR SCR
SQL> SELECT LENGTH(QSPIDER)
  2  FROM DUAL;
SELECT LENGTH(QSPIDER)
              *
ERROR at line 1:
ORA-00904: "QSPIDER": invalid identifier 


SQL> SELECT INSTR('QSPIDER','S',1,7)
  2  FROM DUAL;

INSTR('QSPIDER','S',1,7)                                                                                                                                                                                
------------------------                                                                                                                                                                                
                       0                                                                                                                                                                                

SQL> SELECT INSTR('QSPIDER','S',1,1)
  2  FROM DUAL;

INSTR('QSPIDER','S',1,1)                                                                                                                                                                                
------------------------                                                                                                                                                                                
                       2                                                                                                                                                                                

SQL>  SELECT INSTR('QSPIDER','S')
  2  FROM DUAL;

INSTR('QSPIDER','S')                                                                                                                                                                                    
--------------------                                                                                                                                                                                    
                   2                                                                                                                                                                                    

SQL> SELECT *
  2  FROM EMP
  3  WHERE JOB LIKE '%MAN';

     EMPNO ENAME      JOB              MGR HIREDATE         SAL       COMM     DEPTNO                                                                                                                   
---------- ---------- --------- ---------- --------- ---------- ---------- ----------                                                                                                                   
      7521 WARD       SALESMAN        7698 22-FEB-81       1250        500         30                                                                                                                   
      7654 MARTIN     SALESMAN        7698 28-SEP-81       1250       1400         30                                                                                                                   
      7844 TURNER     SALESMAN        7698 08-SEP-81       1500          0         30                                                                                                                   

SQL> SELECT SUBSTR(JOB,'%3')='MAN';
SELECT SUBSTR(JOB,'%3')='MAN'
                       *
ERROR at line 1:
ORA-00923: FROM keyword not found where expected 


SQL> SELECT SUBSTR(JOB,-3)
  2  FROM EMP;

SUB                                                                                                                                                                                                     
---                                                                                                                                                                                                     
ERK                                                                                                                                                                                                     
MAM                                                                                                                                                                                                     
MAN                                                                                                                                                                                                     
GER                                                                                                                                                                                                     
MAN                                                                                                                                                                                                     
GER                                                                                                                                                                                                     
GER                                                                                                                                                                                                     
YST                                                                                                                                                                                                     
ENT                                                                                                                                                                                                     
MAN                                                                                                                                                                                                     
ERK                                                                                                                                                                                                     
ERK                                                                                                                                                                                                     
YST                                                                                                                                                                                                     
ERK                                                                                                                                                                                                     

14 rows selected.

SQL> SELECT SUBSTR(JOB,'%3')='MAN'
  2  FROM EMP;
SELECT SUBSTR(JOB,'%3')='MAN'
                       *
ERROR at line 1:
ORA-00923: FROM keyword not found where expected 


SQL> SELECT SUBSTR(JOB,-3)='MAN'
  2  FROM E
  3  MP;
SELECT SUBSTR(JOB,-3)='MAN'
                     *
ERROR at line 1:
ORA-00923: FROM keyword not found where expected 


SQL> SELECT SUBSTR(JOB,-3)='MAN'
  2  FROM EMP;
SELECT SUBSTR(JOB,-3)='MAN'
                     *
ERROR at line 1:
ORA-00923: FROM keyword not found where expected 


SQL> SELECT SUBSTR(JOB,1,3)='MAN'
  2  FROM EMP;
SELECT SUBSTR(JOB,1,3)='MAN'
                      *
ERROR at line 1:
ORA-00923: FROM keyword not found where expected 


SQL>  SELECT SUBSTR(JOB,1,3)='MAN'
  2  FROM DUAL;
 SELECT SUBSTR(JOB,1,3)='MAN'
                       *
ERROR at line 1:
ORA-00923: FROM keyword not found where expected 


SQL> SELECT *
  2  FROM EMP
  3  WHERE SUBSTR(JOB,1,3)='MAN';

     EMPNO ENAME      JOB              MGR HIREDATE         SAL       COMM     DEPTNO                                                                                                                   
---------- ---------- --------- ---------- --------- ---------- ---------- ----------                                                                                                                   
      7566 JONES      MANAGER         7839 02-APR-81       2975                    20                                                                                                                   
      7698 BLAKE      MANAGER         7839 01-MAY-81       2850                    30                                                                                                                   
      7782 CLARK      MANAGER         7839 09-JUN-81       2450                    10                                                                                                                   

SQL> SELECT *
  2  FROM EMP
  3  WHERE SUBSTR(JOB,3)='MAN';

no rows selected

SQL> SELECT *
  2  FROM EMP
  3  WHERE SUBSTR(JOB,-3)='MAN';

     EMPNO ENAME      JOB              MGR HIREDATE         SAL       COMM     DEPTNO                                                                                                                   
---------- ---------- --------- ---------- --------- ---------- ---------- ----------                                                                                                                   
      7521 WARD       SALESMAN        7698 22-FEB-81       1250        500         30                                                                                                                   
      7654 MARTIN     SALESMAN        7698 28-SEP-81       1250       1400         30                                                                                                                   
      7844 TURNER     SALESMAN        7698 08-SEP-81       1500          0         30                                                                                                                   

SQL> SELECT ENAME
  2  FROM EMP
  3  WHERE INSTR(ENAME,'L',1,1);
WHERE INSTR(ENAME,'L',1,1)
                         *
ERROR at line 3:
ORA-00920: invalid relational operator 


SQL> SELECT ENAME
  2  FROM EMP
  3  WHERE INSTR(ENAME,'L');
WHERE INSTR(ENAME,'L')
                     *
ERROR at line 3:
ORA-00920: invalid relational operator 


SQL> SELECT ENAME
  2  FROM EMP
  3  WHERE INSTR(ENAME,'L',1);
WHERE INSTR(ENAME,'L',1)
                       *
ERROR at line 3:
ORA-00920: invalid relational operator 


SQL> SELECT ENAME
  2  FROM EMP
  3  WHERE INSTR(ENAME,'L',1,1);
WHERE INSTR(ENAME,'L',1,1)
                         *
ERROR at line 3:
ORA-00920: invalid relational operator 


SQL> SELECT INSTR(ENAME,'L',1,1)
  2  FROM EMP;

INSTR(ENAME,'L',1,1)                                                                                                                                                                                    
--------------------                                                                                                                                                                                    
                   0                                                                                                                                                                                    
                   2                                                                                                                                                                                    
                   0                                                                                                                                                                                    
                   0                                                                                                                                                                                    
                   0                                                                                                                                                                                    
                   2                                                                                                                                                                                    
                   2                                                                                                                                                                                    
                   0                                                                                                                                                                                    
                   0                                                                                                                                                                                    
                   0                                                                                                                                                                                    
                   0                                                                                                                                                                                    
                   0                                                                                                                                                                                    
                   0                                                                                                                                                                                    
                   3                                                                                                                                                                                    

14 rows selected.

SQL> SELECT INSTR(DNAME,'O',1)
  2  FROM DEPT;

INSTR(DNAME,'O',1)                                                                                                                                                                                      
------------------                                                                                                                                                                                      
                 4                                                                                                                                                                                      
                 0                                                                                                                                                                                      
                 0                                                                                                                                                                                      
                 1                                                                                                                                                                                      

SQL> SELECT CONCAT(ENAME,CONCAT('WORKT
  2  
SQL> 
SQL> SELECT CONCAT (ENAME,CONCAT('WORKING AS A, CONCAT(CLERK EARNS 3000 IN DEPT',DEPTNO)))
  2  FROM EMP;
SELECT CONCAT (ENAME,CONCAT('WORKING AS A, CONCAT(CLERK EARNS 3000 IN DEPT',DEPTNO)))
                                                                                    *
ERROR at line 1:
ORA-00923: FROM keyword not found where expected 


SQL> SELECT CONCAT (ENAME,CONCAT('WORKING AS A',CONCAT('CLERK EARNS 3000 IN DEPT',DEPTNO)))
  2  FROM EMP;

CONCAT(ENAME,CONCAT('WORKINGASA',CONCAT('CLERKEARNS3000INDEPT',DEPTNO)))                                                                                                                                
--------------------------------------------------------------------------------------                                                                                                                  
SMITHWORKING AS ACLERK EARNS 3000 IN DEPT20                                                                                                                                                             
ALLENWORKING AS ACLERK EARNS 3000 IN DEPT30                                                                                                                                                             
WARDWORKING AS ACLERK EARNS 3000 IN DEPT30                                                                                                                                                              
JONESWORKING AS ACLERK EARNS 3000 IN DEPT20                                                                                                                                                             
MARTINWORKING AS ACLERK EARNS 3000 IN DEPT30                                                                                                                                                            
BLAKEWORKING AS ACLERK EARNS 3000 IN DEPT30                                                                                                                                                             
CLARKWORKING AS ACLERK EARNS 3000 IN DEPT10                                                                                                                                                             
SCOTTWORKING AS ACLERK EARNS 3000 IN DEPT20                                                                                                                                                             
KINGWORKING AS ACLERK EARNS 3000 IN DEPT10                                                                                                                                                              
TURNERWORKING AS ACLERK EARNS 3000 IN DEPT30                                                                                                                                                            
ADAMSWORKING AS ACLERK EARNS 3000 IN DEPT20                                                                                                                                                             
JAMESWORKING AS ACLERK EARNS 3000 IN DEPT30                                                                                                                                                             
FORDWORKING AS ACLERK EARNS 3000 IN DEPT20                                                                                                                                                              
MILLERWORKING AS ACLERK EARNS 3000 IN DEPT10                                                                                                                                                            

14 rows selected.

SQL> SELECT INSTR('HELLLLL','L',1,
  2  
SQL> 
SQL> SELECT INSTR('HELLLLL','L',1,
  2  
SQL> 
SQL> 
SQL> 
SQL>  SELECT INSTR('HELLLLL','L',1)
  2  FROM DUAL;

INSTR('HELLLLL','L',1)                                                                                                                                                                                  
----------------------                                                                                                                                                                                  
                     3                                                                                                                                                                                  

SQL> SELECT INSTR('HELLLLL','L',3)
  2  FROM DUAL;

INSTR('HELLLLL','L',3)                                                                                                                                                                                  
----------------------                                                                                                                                                                                  
                     3                                                                                                                                                                                  

SQL> SELECT LENGTH('HLLLLLL','L')
  2  FROM DUAL;
SELECT LENGTH('HLLLLLL','L')
       *
ERROR at line 1:
ORA-00909: invalid number of arguments 


SQL> SELECT SUBSTR(ENAME,1,3)
  2  FROM EMP;

SUB                                                                                                                                                                                                     
---                                                                                                                                                                                                     
SMI                                                                                                                                                                                                     
ALL                                                                                                                                                                                                     
WAR                                                                                                                                                                                                     
JON                                                                                                                                                                                                     
MAR                                                                                                                                                                                                     
BLA                                                                                                                                                                                                     
CLA                                                                                                                                                                                                     
SCO                                                                                                                                                                                                     
KIN                                                                                                                                                                                                     
TUR                                                                                                                                                                                                     
ADA                                                                                                                                                                                                     
JAM                                                                                                                                                                                                     
FOR                                                                                                                                                                                                     
MIL                                                                                                                                                                                                     

14 rows selected.

SQL> SELECT *
  2  FROM EMP
  3  WHERE SUBSTR(ENAME,'A','E','I','O','U');
WHERE SUBSTR(ENAME,'A','E','I','O','U')
                                      *
ERROR at line 3:
ORA-00920: invalid relational operator 


SQL> SPOOL OFF
